10-14 12:42:30.793 D/BtGatt.GattService(11705): onClientRegistered() - UUID=c0f64664-e2cd-4d07-a621-7893adbcf728, clientIf=5
10-14 12:42:30.793 D/BluetoothLeScanner( 7153): onClientRegistered() - status=0 clientIf=5
10-14 12:42:30.794 D/BtGatt.GattService(11705): start scan with filters
10-14 12:42:30.795 D/BtGatt.ScanManager(11705): handling starting scan
10-14 12:42:30.797 D/BtGatt.ScanManager(11705): configureRegularScanParams() - queue=1
10-14 12:42:30.797 D/BtGatt.ScanManager(11705): configureRegularScanParams() - ScanSetting Scan mode=2 mLastConfiguredScanSetting=-2147483648
10-14 12:42:30.797 D/BtGatt.ScanManager(11705): configureRegularScanParams - scanInterval = 8000configureRegularScanParams - scanWindow = 8000
10-14 12:42:30.798 D/BtGatt.GattService(11705): onScanParamSetupCompleted : 0
10-14 12:42:32.603 D/audio_hw_primary(  210): disable_audio_route: reset and update mixer path: low-latency-playback
10-14 12:42:32.603 D/audio_hw_primary(  210): disable_snd_device: snd_device(2: speaker)
10-14 12:42:32.637 I/AccountManagerService(  837): getTypesVisibleToCaller: isPermitted? true
10-14 12:42:32.639 I/AccountManagerService(  837): getTypesVisibleToCaller: isPermitted? true
10-14 12:42:32.809 D/BluetoothAdapter( 7153): STATE_ON
10-14 12:42:32.810 D/BtGatt.GattService(11705): stopScan() - queue size =1
10-14 12:42:32.810 D/BtGatt.GattService(11705): unregisterClient() - clientIf=5
10-14 12:42:32.811 D/BtGatt.ScanManager(11705): stop scan
10-14 12:42:32.811 D/BtGatt.ScanManager(11705): configureRegularScanParams() - queue=0
10-14 12:42:32.811 D/BtGatt.ScanManager(11705): configureRegularScanParams() - ScanSetting Scan mode=-2147483648 mLastConfiguredScanSetting=2
10-14 12:42:32.811 D/BtGatt.ScanManager(11705): configureRegularScanParams() - queue emtpy, scan stopped
10-14 12:42:32.817 D/BluetoothAdapter( 7153): STATE_ON
10-14 12:42:32.826 D/BtGatt.GattService(11705): registerClient() - UUID=dd190050-2a4c-42ed-bb7e-39b72bd28347
10-14 12:42:32.826 D/BtGatt.GattService(11705): onClientRegistered() - UUID=dd190050-2a4c-42ed-bb7e-39b72bd28347, clientIf=5
10-14 12:42:32.826 D/BluetoothLeScanner( 7153): onClientRegistered() - status=0 clientIf=5
10-14 12:42:32.827 D/BtGatt.GattService(11705): start scan with filters
10-14 12:42:32.829 D/BtGatt.ScanManager(11705): handling starting scan
10-14 12:42:32.833 D/BtGatt.ScanManager(11705): configureRegularScanParams() - queue=1
10-14 12:42:32.833 D/BtGatt.ScanManager(11705): configureRegularScanParams() - ScanSetting Scan mode=2 mLastConfiguredScanSetting=-2147483648
10-14 12:42:32.833 D/BtGatt.ScanManager(11705): configureRegularScanParams - scanInterval = 8000configureRegularScanParams - scanWindow = 8000
10-14 12:42:32.834 D/BtGatt.GattService(11705): onScanParamSetupCompleted : 0
10-14 12:42:33.190 D/audio_hw_primary(  210): out_set_parameters: enter: usecase(1: low-latency-playback) kvpairs: routing=2
10-14 12:42:33.191 I/ActivityManager(  837): START u0 {act=com.android.systemui.recents.SHOW_RECENTS flg=0x10804000 cmp=com.android.systemui/.recents.RecentsActivity} from uid 10016 on display 0
10-14 12:42:33.202 D/audio_hw_primary(  210): select_devices: out_snd_device(2: speaker) in_snd_device(0: none)
10-14 12:42:33.202 D/msm8974_platform(  210): platform_send_audio_calibration: sending audio calibration for snd_device(2) acdb_id(15)
10-14 12:42:33.202 D/audio_hw_primary(  210): enable_snd_device: snd_device(2: speaker)
10-14 12:42:33.205 D/audio_hw_primary(  210): enable_audio_route: apply and update mixer path: low-latency-playback
10-14 12:42:33.224 D/AudioFlinger(  210): mixer(0xb4180000) throttle end: throttle time(10)
10-14 12:42:33.319 I/art     (  837): Background partial concurrent mark sweep GC freed 40331(2MB) AllocSpace objects, 14(264KB) LOS objects, 33% free, 25MB/38MB, paused 1.108ms total 110.120ms
10-14 12:42:33.335 E/Surface ( 8632): getSlotFromBufferLocked: unknown buffer: 0xaee65660
10-14 12:42:34.869 D/BluetoothAdapter( 7153): STATE_ON
10-14 12:42:34.870 D/BtGatt.GattService(11705): stopScan() - queue size =1
10-14 12:42:34.871 D/BtGatt.ScanManager(11705): stop scan
10-14 12:42:34.871 D/BtGatt.ScanManager(11705): configureRegularScanParams() - queue=0
10-14 12:42:34.871 D/BtGatt.ScanManager(11705): configureRegularScanParams() - ScanSetting Scan mode=-2147483648 mLastConfiguredScanSetting=2
10-14 12:42:34.871 D/BtGatt.ScanManager(11705): configureRegularScanParams() - queue emtpy, scan stopped
10-14 12:42:34.872 D/BtGatt.GattService(11705): unregisterClient() - clientIf=5
10-14 12:42:34.881 D/BluetoothAdapter( 7153): STATE_ON
10-14 12:42:34.885 D/BtGatt.GattService(11705): registerClient() - UUID=f9c22f71-c6e4-4297-98dc-aca24f221341
10-14 12:42:34.886 D/BtGatt.GattService(11705): onClientRegistered() - UUID=f9c22f71-c6e4-4297-98dc-aca24f221341, clientIf=5
10-14 12:42:34.886 D/BluetoothLeScanner( 7153): onClientRegistered() - status=0 clientIf=5
10-14 12:42:34.891 D/BtGatt.GattService(11705): start scan with filters
10-14 12:42:34.893 D/BtGatt.ScanManager(11705): handling starting scan
10-14 12:42:34.895 D/BtGatt.ScanManager(11705): configureRegularScanParams() - queue=1
10-14 12:42:34.895 D/BtGatt.ScanManager(11705): configureRegularScanParams() - ScanSetting Scan mode=2 mLastConfiguredScanSetting=-2147483648
10-14 12:42:34.896 D/BtGatt.ScanManager(11705): configureRegularScanParams - scanInterval = 8000configureRegularScanParams - scanWindow = 8000
10-14 12:42:34.897 D/BtGatt.GattService(11705): onScanParamSetupCompleted : 0
10-14 12:42:35.693 I/ssr-ramdumpd( 8675): Dumps will be created at /data/tombstones/ramdump
10-14 12:42:35.693 E/ssr-ramdumpd( 8675): Directory /data/tombstones/ramdump does not exist
10-14 12:42:35.693 I/ssr-ramdumpd( 8675): Attempting to create /data/tombstones/ramdump
10-14 12:42:35.693 E/ssr-ramdumpd( 8675): Ramdump: Unable to create /data/tombstones/ramdump
10-14 12:42:35.693 E/ssr-ramdumpd( 8675): Creating ramdump directory /data/tombstones/ramdump failed
10-14 12:42:35.694 D/QSEECOMD: ( 8674): qseecom listener services process entry PPID = 1
10-14 12:42:35.694 E/QSEECOMD: ( 8674): Listener: index = 0, hierarchy = 0
10-14 12:42:35.694 E/QSEECOMD: ( 8674): Init dlopen(librpmb.so, RLTD_NOW) is failed....
10-14 12:42:35.694 E/QSEECOMD: ( 8674): ERROR: RPMB_INIT failed, shall not start listener services
10-14 12:42:35.952 D/audio_hw_primary(  210): out_set_parameters: enter: usecase(1: low-latency-playback) kvpairs: routing=2
10-14 12:42:35.989 D/AudioFlinger(  210): mixer(0xb4180000) throttle end: throttle time(7)
10-14 12:42:36.040 E/Surface (  998): getSlotFromBufferLocked: unknown buffer: 0xa0477360
10-14 12:42:36.325 D/ConnectivityService(  837): updateNetworkScore for NetworkAgentInfo [WIFI () - 106] to 56
10-14 12:42:36.325 D/ConnectivityService(  837): rematching NetworkAgentInfo [WIFI () - 106]
10-14 12:42:36.734 D/BluetoothAdapter( 7153): STATE_ON
10-14 12:42:36.734 D/BtGatt.GattService(11705): stopScan() - queue size =1
10-14 12:42:36.735 D/BtGatt.GattService(11705): unregisterClient() - clientIf=5
10-14 12:42:36.735 D/BtGatt.ScanManager(11705): stop scan
10-14 12:42:36.735 D/BtGatt.ScanManager(11705): configureRegularScanParams() - queue=0
10-14 12:42:36.735 D/BtGatt.ScanManager(11705): configureRegularScanParams() - ScanSetting Scan mode=-2147483648 mLastConfiguredScanSetting=2
10-14 12:42:36.735 D/BtGatt.ScanManager(11705): configureRegularScanParams() - queue emtpy, scan stopped
10-14 12:42:37.751 D/audio_hw_primary(  210): out_set_parameters: enter: usecase(1: low-latency-playback) kvpairs: routing=2
10-14 12:42:37.779 D/ExtensionsFactory( 8632): AllInOneMenuExtensions not found in properties file.
10-14 12:42:37.825 I/AppCompatViewInflater( 8632): app:theme is now deprecated. Please move to using android:theme instead.
10-14 12:42:38.038 I/ActivityManager(  837): Displayed ws.xsoh.etar/com.android.calendar.AllInOneActivity: +279ms
10-14 12:42:38.773 D/BluetoothAdapter( 7153): STATE_ON
10-14 12:42:38.775 D/BtGatt.GattService(11705): registerClient() - UUID=d0bb26c9-67c1-4332-8d43-4c581e606635
10-14 12:42:38.776 D/BtGatt.GattService(11705): onClientRegistered() - UUID=d0bb26c9-67c1-4332-8d43-4c581e606635, clientIf=5
10-14 12:42:38.776 D/BluetoothLeScanner( 7153): onClientRegistered() - status=0 clientIf=5
10-14 12:42:38.776 D/BtGatt.GattService(11705): start scan with filters
10-14 12:42:38.778 D/BtGatt.ScanManager(11705): handling starting scan
10-14 12:42:38.781 D/BtGatt.ScanManager(11705): configureRegularScanParams() - queue=1
10-14 12:42:38.781 D/BtGatt.ScanManager(11705): configureRegularScanParams() - ScanSetting Scan mode=2 mLastConfiguredScanSetting=-2147483648
10-14 12:42:38.781 D/BtGatt.ScanManager(11705): configureRegularScanParams - scanInterval = 8000configureRegularScanParams - scanWindow = 8000
10-14 12:42:38.784 D/BtGatt.GattService(11705): onScanParamSetupCompleted : 0
10-14 12:42:39.344 D/ConnectivityService(  837): updateNetworkScore for NetworkAgentInfo [WIFI () - 106] to 60
10-14 12:42:39.344 D/ConnectivityService(  837): rematching NetworkAgentInfo [WIFI () - 106]
10-14 12:42:39.623 D/NetlinkSocketObserver(  837): NeighborEvent{elapsedMs=148442731, 192.168.0.1, [A4B1E92A791B], RTM_NEWNEIGH, NUD_PROBE}
10-14 12:42:40.047 D/audio_hw_primary(  210): out_set_parameters: enter: usecase(1: low-latency-playback) kvpairs: routing=2
10-14 12:42:40.097 D/AudioFlinger(  210): mixer(0xb4180000) throttle end: throttle time(11)
10-14 12:42:40.153 E/Surface ( 8632): getSlotFromBufferLocked: unknown buffer: 0x9f8979a0
10-14 12:42:40.707 W/subsystem_ramdu( 8686): type=1400 audit(0.0:42440): avc: denied { search } for name="tombstones" dev="mmcblk0p28" ino=360449 scontext=u:r:ssr:s0 tcontext=u:object_r:tombstone_data_file:s0 tclass=dir permissive=0
10-14 12:42:40.707 W/subsystem_ramdu( 8686): type=1400 audit(0.0:42441): avc: denied { search } for name="tombstones" dev="mmcblk0p28" ino=360449 scontext=u:r:ssr:s0 tcontext=u:object_r:tombstone_data_file:s0 tclass=dir permissive=0
10-14 12:42:40.715 E/ssr-ramdumpd( 8686): Directory /data/tombstones/ramdump does not exist
10-14 12:42:40.715 I/ssr-ramdumpd( 8686): Attempting to create /data/tombstones/ramdump
10-14 12:42:40.715 E/ssr-ramdumpd( 8686): Ramdump: Unable to create /data/tombstones/ramdump
10-14 12:42:40.716 E/ssr-ramdumpd( 8686): Creating ramdump directory /data/tombstones/ramdump failed
10-14 12:42:40.724 D/QSEECOMD: ( 8685): qseecom listener services process entry PPID = 1
10-14 12:42:40.724 E/QSEECOMD: ( 8685): Listener: index = 0, hierarchy = 0
10-14 12:42:40.724 E/QSEECOMD: ( 8685): Init dlopen(librpmb.so, RLTD_NOW) is failed....
10-14 12:42:40.724 E/QSEECOMD: ( 8685): ERROR: RPMB_INIT failed, shall not start listener services
10-14 12:42:40.821 D/BluetoothAdapter( 7153): STATE_ON
10-14 12:42:40.822 D/BtGatt.GattService(11705): stopScan() - queue size =1
10-14 12:42:40.822 D/BtGatt.ScanManager(11705): stop scan
10-14 12:42:40.822 D/BtGatt.ScanManager(11705): configureRegularScanParams() - queue=0
10-14 12:42:40.822 D/BtGatt.ScanManager(11705): configureRegularScanParams() - ScanSetting Scan mode=-2147483648 mLastConfiguredScanSetting=2
10-14 12:42:40.822 D/BtGatt.ScanManager(11705): configureRegularScanParams() - queue emtpy, scan stopped
10-14 12:42:40.823 D/BtGatt.GattService(11705): unregisterClient() - clientIf=5
10-14 12:42:40.825 D/BluetoothAdapter( 7153): STATE_ON
10-14 12:42:40.828 D/BtGatt.GattService(11705): registerClient() - UUID=c3754881-d783-4528-bd47-903b4d8eb8b8
10-14 12:42:40.828 D/BtGatt.GattService(11705): onClientRegistered() - UUID=c3754881-d783-4528-bd47-903b4d8eb8b8, clientIf=5
10-14 12:42:40.828 D/BluetoothLeScanner( 7153): onClientRegistered() - status=0 clientIf=5
10-14 12:42:40.828 D/BtGatt.GattService(11705): start scan with filters
10-14 12:42:40.831 D/BtGatt.ScanManager(11705): handling starting scan
10-14 12:42:40.834 D/BtGatt.ScanManager(11705): configureRegularScanParams() - queue=1
10-14 12:42:40.834 D/BtGatt.ScanManager(11705): configureRegularScanParams() - ScanSetting Scan mode=2 mLastConfiguredScanSetting=-2147483648
10-14 12:42:40.834 D/BtGatt.ScanManager(11705): configureRegularScanParams - scanInterval = 8000configureRegularScanParams - scanWindow = 8000
10-14 12:42:40.835 D/BtGatt.GattService(11705): onScanParamSetupCompleted : 0
10-14 12:42:42.873 D/BluetoothAdapter( 7153): STATE_ON
10-14 12:42:42.874 D/BtGatt.GattService(11705): stopScan() - queue size =1
10-14 12:42:42.874 D/BtGatt.ScanManager(11705): stop scan
10-14 12:42:42.874 D/BtGatt.ScanManager(11705): configureRegularScanParams() - queue=0
10-14 12:42:42.874 D/BtGatt.ScanManager(11705): configureRegularScanParams() - ScanSetting Scan mode=-2147483648 mLastConfiguredScanSetting=2
10-14 12:42:42.874 D/BtGatt.ScanManager(11705): configureRegularScanParams() - queue emtpy, scan stopped
10-14 12:42:42.874 D/BtGatt.GattService(11705): unregisterClient() - clientIf=5
10-14 12:42:42.881 D/BluetoothAdapter( 7153): STATE_ON
10-14 12:42:42.887 D/BtGatt.GattService(11705): registerClient() - UUID=b6669b3d-9813-4f92-9a7e-7a74cb72b542
10-14 12:42:42.887 D/BtGatt.GattService(11705): onClientRegistered() - UUID=b6669b3d-9813-4f92-9a7e-7a74cb72b542, clientIf=5
10-14 12:42:42.887 D/BluetoothLeScanner( 7153): onClientRegistered() - status=0 clientIf=5
10-14 12:42:42.888 D/BtGatt.GattService(11705): start scan with filters
10-14 12:42:42.890 D/BtGatt.ScanManager(11705): handling starting scan
10-14 12:42:42.891 D/BtGatt.ScanManager(11705): configureRegularScanParams() - queue=1
10-14 12:42:42.891 D/BtGatt.ScanManager(11705): configureRegularScanParams() - ScanSetting Scan mode=2 mLastConfiguredScanSetting=-2147483648
10-14 12:42:42.892 D/BtGatt.ScanManager(11705): configureRegularScanParams - scanInterval = 8000configureRegularScanParams - scanWindow = 8000
10-14 12:42:42.894 D/BtGatt.GattService(11705): onScanParamSetupCompleted : 0
10-14 12:42:43.092 I/ActivityManager(  837): START u0 {act=com.android.systemui.recents.SHOW_RECENTS flg=0x10804000 cmp=com.android.systemui/.recents.RecentsActivity} from uid 10016 on display 0
10-14 12:42:43.104 D/audio_hw_primary(  210): out_set_parameters: enter: usecase(1: low-latency-playback) kvpairs: routing=2
10-14 12:42:43.137 D/AudioFlinger(  210): mixer(0xb4180000) throttle end: throttle time(7)
10-14 12:42:43.150 E/Surface ( 1347): getSlotFromBufferLocked: unknown buffer: 0xa92f5ac0
10-14 12:42:44.201 D/audio_hw_primary(  210): out_set_parameters: enter: usecase(1: low-latency-playback) kvpairs: routing=2
10-14 12:42:44.237 D/AudioFlinger(  210): mixer(0xb4180000) throttle end: throttle time(4)
10-14 12:42:44.316 E/Surface (  998): getSlotFromBufferLocked: unknown buffer: 0x9c734200
10-14 12:42:44.929 D/BluetoothAdapter( 7153): STATE_ON
10-14 12:42:44.930 D/BtGatt.GattService(11705): stopScan() - queue size =1
10-14 12:42:44.931 D/BtGatt.ScanManager(11705): stop scan
10-14 12:42:44.931 D/BtGatt.GattService(11705): unregisterClient() - clientIf=5
10-14 12:42:44.931 D/BtGatt.ScanManager(11705): configureRegularScanParams() - queue=0
10-14 12:42:44.931 D/BtGatt.ScanManager(11705): configureRegularScanParams() - ScanSetting Scan mode=-2147483648 mLastConfiguredScanSetting=2
10-14 12:42:44.931 D/BtGatt.ScanManager(11705): configureRegularScanParams() - queue emtpy, scan stopped
10-14 12:42:44.936 D/BluetoothAdapter( 7153): STATE_ON
10-14 12:42:44.939 D/BtGatt.GattService(11705): registerClient() - UUID=184f3b85-f42a-4083-bbbe-06bf7afae0e8
10-14 12:42:44.939 D/BtGatt.GattService(11705): onClientRegistered() - UUID=184f3b85-f42a-4083-bbbe-06bf7afae0e8, clientIf=5
10-14 12:42:44.939 D/BluetoothLeScanner( 7153): onClientRegistered() - status=0 clientIf=5
10-14 12:42:44.941 D/BtGatt.GattService(11705): start scan with filters
10-14 12:42:44.947 D/BtGatt.ScanManager(11705): handling starting scan
10-14 12:42:44.949 D/BtGatt.ScanManager(11705): configureRegularScanParams() - queue=1
10-14 12:42:44.949 D/BtGatt.ScanManager(11705): configureRegularScanParams() - ScanSetting Scan mode=2 mLastConfiguredScanSetting=-2147483648
10-14 12:42:44.949 D/BtGatt.ScanManager(11705): configureRegularScanParams - scanInterval = 8000configureRegularScanParams - scanWindow = 8000
10-14 12:42:44.952 D/BtGatt.GattService(11705): onScanParamSetupCompleted : 0
10-14 12:42:45.468 D/BluetoothAdapter( 7153): startLeScan(): null
10-14 12:42:45.470 D/BluetoothAdapter( 7153): STATE_ON
10-14 12:42:45.471 D/BtGatt.GattService(11705): registerClient() - UUID=9fb116b8-6e0a-4ccb-adcf-3e7beea6c5f0
10-14 12:42:45.472 D/BtGatt.GattService(11705): onClientRegistered() - UUID=9fb116b8-6e0a-4ccb-adcf-3e7beea6c5f0, clientIf=6
10-14 12:42:45.472 D/BluetoothLeScanner( 7153): onClientRegistered() - status=0 clientIf=6
10-14 12:42:45.472 D/BtGatt.GattService(11705): start scan with filters
10-14 12:42:45.474 D/BtGatt.ScanManager(11705): handling starting scan
10-14 12:42:45.475 D/BtGatt.ScanManager(11705): configureRegularScanParams() - queue=2
10-14 12:42:45.475 D/BtGatt.ScanManager(11705): configureRegularScanParams() - ScanSetting Scan mode=2 mLastConfiguredScanSetting=2
10-14 12:42:45.591 D/audio_hw_primary(  210): out_set_parameters: enter: usecase(1: low-latency-playback) kvpairs: routing=2
10-14 12:42:45.737 W/subsystem_ramdu( 8694): type=1400 audit(0.0:42442): avc: denied { search } for name="tombstones" dev="mmcblk0p28" ino=360449 scontext=u:r:ssr:s0 tcontext=u:object_r:tombstone_data_file:s0 tclass=dir permissive=0
10-14 12:42:45.737 W/subsystem_ramdu( 8694): type=1400 audit(0.0:42443): avc: denied { search } for name="tombstones" dev="mmcblk0p28" ino=360449 scontext=u:r:ssr:s0 tcontext=u:object_r:tombstone_data_file:s0 tclass=dir permissive=0
10-14 12:42:45.748 E/ssr-ramdumpd( 8694): Directory /data/tombstones/ramdump does not exist
10-14 12:42:45.748 I/ssr-ramdumpd( 8694): Attempting to create /data/tombstones/ramdump
10-14 12:42:45.748 E/ssr-ramdumpd( 8694): Ramdump: Unable to create /data/tombstones/ramdump
10-14 12:42:45.748 E/ssr-ramdumpd( 8694): Creating ramdump directory /data/tombstones/ramdump failed
10-14 12:42:45.756 D/QSEECOMD: ( 8693): qseecom listener services process entry PPID = 1
10-14 12:42:45.756 E/QSEECOMD: ( 8693): Listener: index = 0, hierarchy = 0
10-14 12:42:45.756 E/QSEECOMD: ( 8693): Init dlopen(librpmb.so, RLTD_NOW) is failed....
10-14 12:42:45.756 E/QSEECOMD: ( 8693): ERROR: RPMB_INIT failed, shall not start listener services
10-14 12:42:45.812 D/BluetoothAdapter( 7153): stopLeScan()
10-14 12:42:45.813 D/BluetoothAdapter( 7153): STATE_ON
10-14 12:42:45.814 D/BtGatt.GattService(11705): stopScan() - queue size =2
10-14 12:42:45.814 D/BtGatt.ScanManager(11705): configureRegularScanParams() - queue=1
10-14 12:42:45.814 D/BtGatt.ScanManager(11705): configureRegularScanParams() - ScanSetting Scan mode=2 mLastConfiguredScanSetting=2
10-14 12:42:45.815 D/BtGatt.GattService(11705): unregisterClient() - clientIf=6
10-14 12:42:46.990 D/BluetoothAdapter( 7153): STATE_ON
10-14 12:42:46.990 D/BtGatt.GattService(11705): stopScan() - queue size =1
10-14 12:42:46.991 D/BtGatt.ScanManager(11705): stop scan
10-14 12:42:46.991 D/BtGatt.ScanManager(11705): configureRegularScanParams() - queue=0
10-14 12:42:46.991 D/BtGatt.ScanManager(11705): configureRegularScanParams() - ScanSetting Scan mode=-2147483648 mLastConfiguredScanSetting=2
10-14 12:42:46.991 D/BtGatt.ScanManager(11705): configureRegularScanParams() - queue emtpy, scan stopped
10-14 12:42:46.992 D/BtGatt.GattService(11705): unregisterClient() - clientIf=5
10-14 12:42:46.995 D/BluetoothAdapter( 7153): STATE_ON
10-14 12:42:46.997 D/BtGatt.GattService(11705): registerClient() - UUID=53341228-f3d2-4a99-954d-7bc46d761eeb
10-14 12:42:46.998 D/BtGatt.GattService(11705): onClientRegistered() - UUID=53341228-f3d2-4a99-954d-7bc46d761eeb, clientIf=5
10-14 12:42:46.998 D/BluetoothLeScanner( 7153): onClientRegistered() - status=0 clientIf=5
10-14 12:42:46.999 D/BtGatt.GattService(11705): start scan with filters
10-14 12:42:47.002 D/BtGatt.ScanManager(11705): handling starting scan
10-14 12:42:47.004 D/BtGatt.ScanManager(11705): configureRegularScanParams() - queue=1
10-14 12:42:47.004 D/BtGatt.ScanManager(11705): configureRegularScanParams() - ScanSetting Scan mode=2 mLastConfiguredScanSetting=-2147483648
10-14 12:42:47.004 D/BtGatt.ScanManager(11705): configureRegularScanParams - scanInterval = 8000configureRegularScanParams - scanWindow = 8000
10-14 12:42:47.005 D/BtGatt.GattService(11705): onScanParamSetupCompleted : 0
10-14 12:42:48.754 D/audio_hw_primary(  210): disable_audio_route: reset and update mixer path: low-latency-playback
10-14 12:42:48.754 D/audio_hw_primary(  210): disable_snd_device: snd_device(2: speaker)
10-14 12:42:48.824 D/BluetoothAdapter( 7153): STATE_ON
10-14 12:42:48.827 D/BtGatt.GattService(11705): stopScan() - queue size =1
10-14 12:42:48.827 D/BtGatt.ScanManager(11705): stop scan
10-14 12:42:48.828 D/BtGatt.ScanManager(11705): configureRegularScanParams() - queue=0
10-14 12:42:48.828 D/BtGatt.ScanManager(11705): configureRegularScanParams() - ScanSetting Scan mode=-2147483648 mLastConfiguredScanSetting=2
10-14 12:42:48.828 D/BtGatt.ScanManager(11705): configureRegularScanParams() - queue emtpy, scan stopped
10-14 12:42:48.842 D/BtGatt.GattService(11705): unregisterClient() - clientIf=5
10-14 12:42:50.657 D/WifiStateMachine(  837): starting scan for "dead"WPA_PSK with 2412
10-14 12:42:50.779 I/ssr-ramdumpd( 8700): Dumps will be created at /data/tombstones/ramdump