I/ActivityManager(  730): START u0 {act=android.intent.action.MAIN cat=[android.intent.category.LAUNCHER] flg=0x10200000 cmp=com.namelessdev.mpdroid/.MainMenuActivity (has extras)} from uid 10018 on display 0
V/WindowManager(  730): addAppToken: AppWindowToken{33466698 token=Token{b43a87b ActivityRecord{24b5080a u0 com.namelessdev.mpdroid/.MainMenuActivity t63}}} to stack=1 task=63 at 0
D/audio_hw_primary(  242): start_output_stream: enter: stream(0xb7545bb0)usecase(1: low-latency-playback) devices(0x2)
D/audio_hw_primary(  242): start_output_stream: enter: usecase(1: low-latency-playback) devices(0x2)
D/audio_hw_primary(  242): select_devices: out_snd_device(2: speaker) in_snd_device(0: )
W/msm8974_platform(  242): Codec backend bitwidth 16, samplerate 48000
D/hardware_info(  242): hw_info_append_hw_type : device_name = speaker-lite
I/msm8974_platform(  242): platform_send_audio_calibration: sending audio calibration for snd_device(2) acdb_id(14)
D/audio_hw_primary(  242): select_devices: done
V/WindowManager(  730): Adding window Window{17c8abf3 u0 Starting com.namelessdev.mpdroid} at 15 of 21 (after Window{babd6b6 u0 com.android.settings/com.android.settings.SubSettings})
W/BroadcastQueue(  730): Permission Denial: broadcasting Intent { act=com.android.launcher3.action.LAUNCH flg=0x10 (has extras) } from com.cyanogenmod.trebuchet (pid=1439, uid=10018) requires com.google.android.launcher.permission.RECEIVE_LAUNCH_BROADCASTS due to receiver com.google.android.googlequicksearchbox/com.google.android.search.core.icingsync.ApplicationLaunchReceiver
W/BroadcastQueue(  730): Permission Denial: receiving Intent { act=com.android.launcher3.action.LAUNCH flg=0x10 (has extras) } to com.google.android.googlequicksearchbox/com.google.android.search.core.icingsync.ApplicationLaunchReceiver requires com.android.launcher3.permission.RECEIVE_LAUNCH_BROADCASTS due to sender com.cyanogenmod.trebuchet (uid 10018)
I/ActivityManager(  730): Start proc 20747:com.namelessdev.mpdroid/u0a83 for activity com.namelessdev.mpdroid/.MainMenuActivity
I/LoadedApk(20747): No resource references to update in package common
I/LoadedApk(20747): No resource references to update in package com.blazze11.euphoria.dark
I/Crashlytics(20747): Initializing Crashlytics 1.1.13.29
D/StrictMode(20747): StrictMode policy violation; ~duration=65 ms: android.os.StrictMode$StrictModeDiskReadViolation: policy=31 violation=2
D/StrictMode(20747):    at android.os.StrictMode$AndroidBlockGuardPolicy.onReadFromDisk(StrictMode.java:1137)
D/StrictMode(20747):    at libcore.io.BlockGuardOs.access(BlockGuardOs.java:67)
D/StrictMode(20747):    at java.io.File.doAccess(File.java:283)
D/StrictMode(20747):    at java.io.File.exists(File.java:363)
D/StrictMode(20747):    at android.app.ContextImpl.createFilesDirLocked(ContextImpl.java:1024)
D/StrictMode(20747):    at android.app.ContextImpl.getFilesDir(ContextImpl.java:1047)
D/StrictMode(20747):    at android.content.ContextWrapper.getFilesDir(ContextWrapper.java:208)
D/StrictMode(20747):    at android.content.ContextWrapper.getFilesDir(ContextWrapper.java:208)
D/StrictMode(20747):    at com.crashlytics.android.internal.z.getFilesDir(SourceFile:50)
D/StrictMode(20747):    at com.crashlytics.android.internal.v.c(SourceFile:158)
D/StrictMode(20747):    at com.crashlytics.android.internal.p.a(SourceFile:72)
D/StrictMode(20747):    at com.crashlytics.android.internal.v.a(SourceFile:93)
D/StrictMode(20747):    at com.crashlytics.android.Crashlytics.start(SourceFile:143)
D/StrictMode(20747):    at com.crashlytics.android.Crashlytics.start(SourceFile:124)
D/StrictMode(20747):    at com.namelessdev.mpdroid.closedbits.CrashlyticsWrapper.start(CrashlyticsWrapper.java:34)
D/StrictMode(20747):    at com.namelessdev.mpdroid.MPDApplication.onCreate(MPDApplication.java:390)
D/StrictMode(20747):    at android.app.Instrumentation.callApplicationOnCreate(Instrumentation.java:1012)
D/StrictMode(20747):    at android.app.ActivityThread.handleBindApplication(ActivityThread.java:4592)
D/StrictMode(20747):    at android.app.ActivityThread.access$1600(ActivityThread.java:154)
D/StrictMode(20747):    at android.app.ActivityThread$H.handleMessage(ActivityThread.java:1382)
D/StrictMode(20747):    at android.os.Handler.dispatchMessage(Handler.java:102)
D/StrictMode(20747):    at android.os.Looper.loop(Looper.java:135)
D/StrictMode(20747):    at android.app.ActivityThread.main(ActivityThread.java:5293)
D/StrictMode(20747):    at java.lang.reflect.Method.invoke(Native Method)
D/StrictMode(20747):    at java.lang.reflect.Method.invoke(Method.java:372)
D/StrictMode(20747):    at com.android.internal.os.ZygoteInit$MethodAndArgsCaller.run(ZygoteInit.java:904)
D/StrictMode(20747):    at com.android.internal.os.ZygoteInit.main(ZygoteInit.java:699)
D/StrictMode(20747): StrictMode policy violation; ~duration=64 ms: android.os.StrictMode$StrictModeDiskReadViolation: policy=31 violation=2
D/StrictMode(20747):    at android.os.StrictMode$AndroidBlockGuardPolicy.onReadFromDisk(StrictMode.java:1137)
D/StrictMode(20747):    at libcore.io.BlockGuardOs.access(BlockGuardOs.java:67)
D/StrictMode(20747):    at java.io.File.doAccess(File.java:283)
D/StrictMode(20747):    at java.io.File.exists(File.java:363)
D/StrictMode(20747):    at com.crashlytics.android.internal.v.c(SourceFile:158)
D/StrictMode(20747):    at com.crashlytics.android.internal.p.a(SourceFile:72)
D/StrictMode(20747):    at com.crashlytics.android.internal.v.a(SourceFile:93)
D/StrictMode(20747):    at com.crashlytics.android.Crashlytics.start(SourceFile:143)
D/StrictMode(20747):    at com.crashlytics.android.Crashlytics.start(SourceFile:124)
D/StrictMode(20747):    at com.namelessdev.mpdroid.closedbits.CrashlyticsWrapper.start(CrashlyticsWrapper.java:34)
D/StrictMode(20747):    at com.namelessdev.mpdroid.MPDApplication.onCreate(MPDApplication.java:390)
D/StrictMode(20747):    at android.app.Instrumentation.callApplicationOnCreate(Instrumentation.java:1012)
D/StrictMode(20747):    at android.app.ActivityThread.handleBindApplication(ActivityThread.java:4592)
D/StrictMode(20747):    at android.app.ActivityThread.access$1600(ActivityThread.java:154)
D/StrictMode(20747):    at android.app.ActivityThread$H.handleMessage(ActivityThread.java:1382)
D/StrictMode(20747):    at android.os.Handler.dispatchMessage(Handler.java:102)
D/StrictMode(20747):    at android.os.Looper.loop(Looper.java:135)
D/StrictMode(20747):    at android.app.ActivityThread.main(ActivityThread.java:5293)
D/StrictMode(20747):    at java.lang.reflect.Method.invoke(Native Method)
D/StrictMode(20747):    at java.lang.reflect.Method.invoke(Method.java:372)
D/StrictMode(20747):    at com.android.internal.os.ZygoteInit$MethodAndArgsCaller.run(ZygoteInit.java:904)
D/StrictMode(20747):    at com.android.internal.os.ZygoteInit.main(ZygoteInit.java:699)
D/StrictMode(20747): StrictMode policy violation; ~duration=34 ms: android.os.StrictMode$StrictModeDiskReadViolation: policy=31 violation=2
D/StrictMode(20747):    at android.os.StrictMode$AndroidBlockGuardPolicy.onReadFromDisk(StrictMode.java:1137)
D/StrictMode(20747):    at libcore.io.BlockGuardOs.access(BlockGuardOs.java:67)
D/StrictMode(20747):    at java.io.File.doAccess(File.java:283)
D/StrictMode(20747):    at java.io.File.exists(File.java:363)
D/StrictMode(20747):    at com.crashlytics.android.v.<init>(SourceFile:259)
D/StrictMode(20747):    at com.crashlytics.android.v.<init>(SourceFile:236)
D/StrictMode(20747):    at com.crashlytics.android.Crashlytics.a(SourceFile:809)
D/StrictMode(20747):    at com.crashlytics.android.Crashlytics.c(SourceFile:531)
D/StrictMode(20747):    at com.crashlytics.android.internal.p.a(SourceFile:72)
D/StrictMode(20747):    at com.crashlytics.android.internal.v.c(SourceFile:182)
D/StrictMode(20747):    at com.crashlytics.android.internal.p.a(SourceFile:72)
D/StrictMode(20747):    at com.crashlytics.android.internal.v.a(SourceFile:93)
D/StrictMode(20747):    at com.crashlytics.android.Crashlytics.start(SourceFile:143)
D/StrictMode(20747):    at com.crashlytics.android.Crashlytics.start(SourceFile:124)
D/StrictMode(20747):    at com.namelessdev.mpdroid.closedbits.CrashlyticsWrapper.start(CrashlyticsWrapper.java:34)
D/StrictMode(20747):    at com.namelessdev.mpdroid.MPDApplication.onCreate(MPDApplication.java:390)
D/StrictMode(20747):    at android.app.Instrumentation.callApplicationOnCreate(Instrumentation.java:1012)
D/StrictMode(20747):    at android.app.ActivityThread.handleBindApplication(ActivityThread.java:4592)
D/StrictMode(20747):    at android.app.ActivityThread.access$1600(ActivityThread.java:154)
D/StrictMode(20747):    at android.app.ActivityThread$H.handleMessage(ActivityThread.java:1382)
D/StrictMode(20747):    at android.os.Handler.dispatchMessage(Handler.java:102)
D/StrictMode(20747):    at android.os.Looper.loop(Looper.java:135)
D/StrictMode(20747):    at android.app.ActivityThread.main(ActivityThread.java:5293)
D/StrictMode(20747):    at java.lang.reflect.Method.invoke(Native Method)
D/StrictMode(20747):    at java.lang.reflect.Method.invoke(Method.java:372)
D/StrictMode(20747):    at com.android.internal.os.ZygoteInit$MethodAndArgsCaller.run(ZygoteInit.java:904)
D/StrictMode(20747):    at com.android.internal.os.ZygoteInit.main(ZygoteInit.java:699)
D/StrictMode(20747): StrictMode policy violation; ~duration=33 ms: android.os.StrictMode$StrictModeDiskWriteViolation: policy=31 violation=1
D/StrictMode(20747):    at android.os.StrictMode$AndroidBlockGuardPolicy.onWriteToDisk(StrictMode.java:1111)
D/StrictMode(20747):    at libcore.io.BlockGuardOs.remove(BlockGuardOs.java:254)
D/StrictMode(20747):    at java.io.File.delete(File.java:313)
D/StrictMode(20747):    at com.crashlytics.android.v.<init>(SourceFile:259)
D/StrictMode(20747):    at com.crashlytics.android.v.<init>(SourceFile:236)
D/StrictMode(20747):    at com.crashlytics.android.Crashlytics.a(SourceFile:809)
D/StrictMode(20747):    at com.crashlytics.android.Crashlytics.c(SourceFile:531)
D/StrictMode(20747):    at com.crashlytics.android.internal.p.a(SourceFile:72)
D/StrictMode(20747):    at com.crashlytics.android.internal.v.c(SourceFile:182)
D/StrictMode(20747):    at com.crashlytics.android.internal.p.a(SourceFile:72)
D/StrictMode(20747):    at com.crashlytics.android.internal.v.a(SourceFile:93)
D/StrictMode(20747):    at com.crashlytics.android.Crashlytics.start(SourceFile:143)
D/StrictMode(20747):    at com.crashlytics.android.Crashlytics.start(SourceFile:124)
D/StrictMode(20747):    at com.namelessdev.mpdroid.closedbits.CrashlyticsWrapper.start(CrashlyticsWrapper.java:34)
D/StrictMode(20747):    at com.namelessdev.mpdroid.MPDApplication.onCreate(MPDApplication.java:390)
D/StrictMode(20747):    at android.app.Instrumentation.callApplicationOnCreate(Instrumentation.java:1012)
D/StrictMode(20747):    at android.app.ActivityThread.handleBindApplication(ActivityThread.java:4592)
D/StrictMode(20747):    at android.app.ActivityThread.access$1600(ActivityThread.java:154)
D/StrictMode(20747):    at android.app.ActivityThread$H.handleMessage(ActivityThread.java:1382)
D/StrictMode(20747):    at android.os.Handler.dispatchMessage(Handler.java:102)
D/StrictMode(20747):    at android.os.Looper.loop(Looper.java:135)
D/StrictMode(20747):    at android.app.ActivityThread.main(ActivityThread.java:5293)
D/StrictMode(20747):    at java.lang.reflect.Method.invoke(Native Method)
D/StrictMode(20747):    at java.lang.reflect.Method.invoke(Method.java:372)
D/StrictMode(20747):    at com.android.internal.os.ZygoteInit$MethodAndArgsCaller.run(ZygoteInit.java:904)
D/StrictMode(20747):    at com.android.internal.os.ZygoteInit.main(ZygoteInit.java:699)
D/StrictMode(20747): StrictMode policy violation; ~duration=18 ms: android.os.StrictMode$StrictModeDiskReadViolation: policy=31 violation=2
D/StrictMode(20747):    at android.os.StrictMode$AndroidBlockGuardPolicy.onReadFromDisk(StrictMode.java:1137)
D/StrictMode(20747):    at android.app.SharedPreferencesImpl.awaitLoadedLocked(SharedPreferencesImpl.java:202)
D/StrictMode(20747):    at android.app.SharedPreferencesImpl.getBoolean(SharedPreferencesImpl.java:259)
D/StrictMode(20747):    at android.preference.PreferenceManager.setDefaultValues(PreferenceManager.java:481)
D/StrictMode(20747):    at android.preference.PreferenceManager.setDefaultValues(PreferenceManager.java:444)
D/StrictMode(20747):    at com.namelessdev.mpdroid.MPDApplication.onCreate(MPDApplication.java:395)
D/StrictMode(20747):    at android.app.Instrumentation.callApplicationOnCreate(Instrumentation.java:1012)
D/StrictMode(20747):    at android.app.ActivityThread.handleBindApplication(ActivityThread.java:4592)
D/StrictMode(20747):    at android.app.ActivityThread.access$1600(ActivityThread.java:154)
D/StrictMode(20747):    at android.app.ActivityThread$H.handleMessage(ActivityThread.java:1382)
D/StrictMode(20747):    at android.os.Handler.dispatchMessage(Handler.java:102)
D/StrictMode(20747):    at android.os.Looper.loop(Looper.java:135)
D/StrictMode(20747):    at android.app.ActivityThread.main(ActivityThread.java:5293)
D/StrictMode(20747):    at java.lang.reflect.Method.invoke(Native Method)
D/StrictMode(20747):    at java.lang.reflect.Method.invoke(Method.java:372)
D/StrictMode(20747):    at com.android.internal.os.ZygoteInit$MethodAndArgsCaller.run(ZygoteInit.java:904)
D/StrictMode(20747):    at com.android.internal.os.ZygoteInit.main(ZygoteInit.java:699)
W/ResourceType(20747): For resource 0x01030224, entry index(548) is beyond type entryCount(37)
W/ResourceType(20747): For resource 0x01030224, entry index(548) is beyond type entryCount(37)
W/ResourceType(20747): For resource 0x01030237, entry index(567) is beyond type entryCount(37)
W/ResourceType(20747): For resource 0x01030237, entry index(567) is beyond type entryCount(37)
I/AppCompatViewInflater(20747): app:theme is now deprecated. Please move to using android:theme instead.
W/ResourceType(20747): For resource 0x01030237, entry index(567) is beyond type entryCount(37)
W/ResourceType(20747): For resource 0x01030237, entry index(567) is beyond type entryCount(37)
D/AndroidRuntime(20747): Shutting down VM
W/ActivityManager(  730): getRunningAppProcesses: caller 10083 does not hold REAL_GET_TASKS; limiting output
E/AndroidRuntime(20747): FATAL EXCEPTION: main
E/AndroidRuntime(20747): Process: com.namelessdev.mpdroid, PID: 20747
E/AndroidRuntime(20747): java.lang.RuntimeException: Unable to resume activity {com.namelessdev.mpdroid/com.namelessdev.mpdroid.MainMenuActivity}: android.os.NetworkOnMainThreadException
E/AndroidRuntime(20747):    at android.app.ActivityThread.performResumeActivity(ActivityThread.java:3018)
E/AndroidRuntime(20747):    at android.app.ActivityThread.handleResumeActivity(ActivityThread.java:3049)
E/AndroidRuntime(20747):    at android.app.ActivityThread.handleLaunchActivity(ActivityThread.java:2424)
E/AndroidRuntime(20747):    at android.app.ActivityThread.access$900(ActivityThread.java:154)
E/AndroidRuntime(20747):    at android.app.ActivityThread$H.handleMessage(ActivityThread.java:1321)
E/AndroidRuntime(20747):    at android.os.Handler.dispatchMessage(Handler.java:102)
E/AndroidRuntime(20747):    at android.os.Looper.loop(Looper.java:135)
E/AndroidRuntime(20747):    at android.app.ActivityThread.main(ActivityThread.java:5293)
E/AndroidRuntime(20747):    at java.lang.reflect.Method.invoke(Native Method)
E/AndroidRuntime(20747):    at java.lang.reflect.Method.invoke(Method.java:372)
E/AndroidRuntime(20747):    at com.android.internal.os.ZygoteInit$MethodAndArgsCaller.run(ZygoteInit.java:904)
E/AndroidRuntime(20747):    at com.android.internal.os.ZygoteInit.main(ZygoteInit.java:699)
E/AndroidRuntime(20747): Caused by: android.os.NetworkOnMainThreadException
E/AndroidRuntime(20747):    at android.os.StrictMode$AndroidBlockGuardPolicy.onNetwork(StrictMode.java:1147)
E/AndroidRuntime(20747):    at java.net.InetAddress.lookupHostByName(InetAddress.java:418)
E/AndroidRuntime(20747):    at java.net.InetAddress.getAllByNameImpl(InetAddress.java:252)
E/AndroidRuntime(20747):    at java.net.InetAddress.getByName(InetAddress.java:305)
E/AndroidRuntime(20747):    at com.anpmech.mpd.MPD.connect(MPD.java:644)
E/AndroidRuntime(20747):    at com.namelessdev.mpdroid.MPDApplication.connect(MPDApplication.java:197)
E/AndroidRuntime(20747):    at com.namelessdev.mpdroid.MPDApplication.checkConnectionNeeded(MPDApplication.java:178)
E/AndroidRuntime(20747):    at com.namelessdev.mpdroid.MPDApplication.addConnectionLock(MPDApplication.java:127)
E/AndroidRuntime(20747):    at com.namelessdev.mpdroid.ErrorHandler.<init>(ErrorHandler.java:84)
E/AndroidRuntime(20747):    at com.namelessdev.mpdroid.MainMenuActivity.onResume(MainMenuActivity.java:168)
E/AndroidRuntime(20747):    at android.app.Instrumentation.callActivityOnResume(Instrumentation.java:1257)
E/AndroidRuntime(20747):    at android.app.Activity.performResume(Activity.java:6076)
E/AndroidRuntime(20747):    at android.app.ActivityThread.performResumeActivity(ActivityThread.java:3007)
E/AndroidRuntime(20747):    ... 11 more
W/ActivityManager(  730):   Force finishing activity 1 com.namelessdev.mpdroid/.MainMenuActivity
I/WindowManager(  730): Screenshot max retries 4 of Token{b43a87b ActivityRecord{24b5080a u0 com.namelessdev.mpdroid/.MainMenuActivity t63 f}} appWin=Window{17c8abf3 u0 Starting com.namelessdev.mpdroid} drawState=4
I/OpenGLRenderer(  730): Initialized EGL, version 1.4
W/ActivityManager(  730): Activity pause timeout for ActivityRecord{24b5080a u0 com.namelessdev.mpdroid/.MainMenuActivity t63 f}
I/Crashlytics(20747): Crashlytics report upload complete: 55EF9B600228-0001-510B-B3FD82F9DF32.cls
I/Timeline( 1439): Timeline: Activity_idle id: android.os.BinderProxy@319124b2 time:43496699
I/ActivityManager(  730): Killing 17408:com.android.calendar/u0a33 (adj 15): empty #17
I/Timeline(  730): Timeline: Activity_windows_visible id: ActivityRecord{3955a629 u0 com.cyanogenmod.trebuchet/com.android.launcher3.Launcher t19} time:43496965
I/Process (20747): Sending signal. PID: 20747 SIG: 9
D/audio_hw_primary(  242): out_set_parameters: enter: usecase(1: low-latency-playback) kvpairs: routing=2
W/InputMethodManagerService(  730): Window already focused, ignoring focus gain of: com.android.internal.view.IInputMethodClient$Stub$Proxy@37a9f941 attribute=null, token = android.os.BinderProxy@36f8e013
I/ActivityManager(  730): Process com.namelessdev.mpdroid (pid 20747) has died
I/BackgroundMemoryTrimmer(19837): Trimming objects from memory, since app is in the background.
V/ActivityManager(  730): killProcessGroupAsync took 0 ms for PID 17408 on thread 17
V/ActivityManager(  730): killProcessGroupAsync took 0 ms for PID 20747 on thread 17
D/audio_hw_primary(  242): out_standby: enter: stream (0xb7545bb0) usecase(1: low-latency-playback)
D/hardware_info(  242): hw_info_append_hw_type : device_name = speaker-lite
I/ThermalEngine(  251): Sensor:xo_therm_pu2:30000 mC
W/chromium(12964): [WARNING:syncer_proto_util.cc(280)] Error posting from syncer: Response Code (bogus on error): 401 Content-Length (bogus on error): 147 Server Status: SYNC_AUTH_ERROR
V/GLSActivity(14126): AuthDelegateWrapperCreated with selected intent: Intent { cmp=com.google.android.gms/.auth.DefaultAuthDelegateService }
D/StrictMode(12964): StrictMode policy violation; ~duration=80 ms: android.os.StrictMode$StrictModeDiskWriteViolation: policy=2847 violation=1
D/StrictMode(12964):    at android.os.StrictMode$AndroidBlockGuardPolicy.onWriteToDisk(StrictMode.java:1111)
D/StrictMode(12964):    at android.database.sqlite.SQLiteConnection.applyBlockGuardPolicy(SQLiteConnection.java:1045)
D/StrictMode(12964):    at android.database.sqlite.SQLiteConnection.execute(SQLiteConnection.java:554)
D/StrictMode(12964):    at android.database.sqlite.SQLiteSession.beginTransactionUnchecked(SQLiteSession.java:323)
D/StrictMode(12964):    at android.database.sqlite.SQLiteSession.beginTransaction(SQLiteSession.java:298)
D/StrictMode(12964):    at android.database.sqlite.SQLiteDatabase.beginTransaction(SQLiteDatabase.java:505)
D/StrictMode(12964):    at android.database.sqlite.SQLiteDatabase.beginTransaction(SQLiteDatabase.java:416)
D/StrictMode(12964):    at com.android.server.accounts.AccountManagerService.invalidateAuthToken(AccountManagerService.java:1277)
D/StrictMode(12964):    at android.accounts.IAccountManager$Stub.onTransact(IAccountManager.java:272)
D/StrictMode(12964):    at com.android.server.accounts.AccountManagerService.onTransact(AccountManagerService.java:295)
D/StrictMode(12964):    at android.os.Binder.execTransact(Binder.java:446)
D/StrictMode(12964): # via Binder call with stack:
D/StrictMode(12964): android.os.StrictMode$LogStackTrace
D/StrictMode(12964):    at android.os.StrictMode.readAndHandleBinderCallViolations(StrictMode.java:1717)
D/StrictMode(12964):    at android.os.Parcel.readExceptionCode(Parcel.java:1527)
D/StrictMode(12964):    at android.os.Parcel.readException(Parcel.java:1496)
D/StrictMode(12964):    at android.accounts.IAccountManager$Stub$Proxy.invalidateAuthToken(IAccountManager.java:970)
D/StrictMode(12964):    at android.accounts.AccountManager.invalidateAuthToken(AccountManager.java:910)
D/StrictMode(12964):    at org.chromium.sync.signin.SystemAccountManagerDelegate.invalidateAuthToken(SystemAccountManagerDelegate.java:57)
D/StrictMode(12964):    at org.chromium.sync.signin.AccountManagerHelper.invalidateAuthToken(AccountManagerHelper.java:386)
D/StrictMode(12964):    at org.chromium.chrome.browser.signin.OAuth2TokenService.invalidateOAuth2AuthToken(OAuth2TokenService.java:226)
D/StrictMode(12964):    at org.chromium.base.SystemMessageHandler.nativeDoRunLoopOnce(Native Method)
D/StrictMode(12964):    at org.chromium.base.SystemMessageHandler.handleMessage(SystemMessageHandler.java:53)
D/StrictMode(12964):    at android.os.Handler.dispatchMessage(Handler.java:102)
D/StrictMode(12964):    at android.os.Looper.loop(Looper.java:135)
D/StrictMode(12964):    at android.app.ActivityThread.main(ActivityThread.java:5293)
D/StrictMode(12964):    at java.lang.reflect.Method.invoke(Native Method)
D/StrictMode(12964):    at java.lang.reflect.Method.invoke(Method.java:372)
D/StrictMode(12964):    at com.android.internal.os.ZygoteInit$MethodAndArgsCaller.run(ZygoteInit.java:904)
D/StrictMode(12964):    at com.android.internal.os.ZygoteInit.main(ZygoteInit.java:699)
D/StrictMode(12964): StrictMode policy violation; ~duration=77 ms: android.os.StrictMode$StrictModeDiskReadViolation: policy=2847 violation=2
D/StrictMode(12964):    at android.os.StrictMode$AndroidBlockGuardPolicy.onReadFromDisk(StrictMode.java:1137)
D/StrictMode(12964):    at android.database.sqlite.SQLiteConnection.applyBlockGuardPolicy(SQLiteConnection.java:1043)
D/StrictMode(12964):    at android.database.sqlite.SQLiteConnection.executeForCursorWindow(SQLiteConnection.java:844)
D/StrictMode(12964):    at android.database.sqlite.SQLiteSession.executeForCursorWindow(SQLiteSession.java:836)
D/StrictMode(12964):    at android.database.sqlite.SQLiteQuery.fillWindow(SQLiteQuery.java:62)
D/StrictMode(12964):    at android.database.sqlite.SQLiteCursor.fillWindow(SQLiteCursor.java:144)
D/StrictMode(12964):    at android.database.sqlite.SQLiteCursor.getCount(SQLiteCursor.java:133)
D/StrictMode(12964):    at android.database.AbstractCursor.moveToPosition(AbstractCursor.java:197)
D/StrictMode(12964):    at android.database.AbstractCursor.moveToNext(AbstractCursor.java:245)
D/StrictMode(12964):    at com.android.server.accounts.AccountManagerService.invalidateAuthTokenLocked(AccountManagerService.java:1307)
D/StrictMode(12964):    at com.android.server.accounts.AccountManagerService.invalidateAuthToken(AccountManagerService.java:1279)
D/StrictMode(12964):    at android.accounts.IAccountManager$Stub.onTransact(IAccountManager.java:272)
D/StrictMode(12964):    at com.android.server.accounts.AccountManagerService.onTransact(AccountManagerService.java:295)
D/StrictMode(12964):    at android.os.Binder.execTransact(Binder.java:446)
D/StrictMode(12964): # via Binder call with stack:
D/StrictMode(12964): android.os.StrictMode$LogStackTrace
D/StrictMode(12964):    at android.os.StrictMode.readAndHandleBinderCallViolations(StrictMode.java:1717)
D/StrictMode(12964):    at android.os.Parcel.readExceptionCode(Parcel.java:1527)
D/StrictMode(12964):    at android.os.Parcel.readException(Parcel.java:1496)
D/StrictMode(12964):    at android.accounts.IAccountManager$Stub$Proxy.invalidateAuthToken(IAccountManager.java:970)
D/StrictMode(12964):    at android.accounts.AccountManager.invalidateAuthToken(AccountManager.java:910)
D/StrictMode(12964):    at org.chromium.sync.signin.SystemAccountManagerDelegate.invalidateAuthToken(SystemAccountManagerDelegate.java:57)
D/StrictMode(12964):    at org.chromium.sync.signin.AccountManagerHelper.invalidateAuthToken(AccountManagerHelper.java:386)
D/StrictMode(12964):    at org.chromium.chrome.browser.signin.OAuth2TokenService.invalidateOAuth2AuthToken(OAuth2TokenService.java:226)
D/StrictMode(12964):    at org.chromium.base.SystemMessageHandler.nativeDoRunLoopOnce(Native Method)
D/StrictMode(12964):    at org.chromium.base.SystemMessageHandler.handleMessage(SystemMessageHandler.java:53)
D/StrictMode(12964):    at android.os.Handler.dispatchMessage(Handler.java:102)
D/StrictMode(12964):    at android.os.Looper.loop(Looper.java:135)
D/StrictMode(12964):    at android.app.ActivityThread.main(ActivityThread.java:5293)
D/StrictMode(12964):    at java.lang.reflect.Method.invoke(Native Method)
D/StrictMode(12964):    at java.lang.reflect.Method.invoke(Method.java:372)
D/StrictMode(12964):    at com.android.internal.os.ZygoteInit$MethodAndArgsCaller.run(ZygoteInit.java:904)
D/StrictMode(12964):    at com.android.internal.os.ZygoteInit.main(ZygoteInit.java:699)
D/StrictMode(12964): StrictMode policy violation; ~duration=76 ms: android.os.StrictMode$StrictModeDiskWriteViolation: policy=2847 violation=1
D/StrictMode(12964):    at android.os.StrictMode$AndroidBlockGuardPolicy.onWriteToDisk(StrictMode.java:1111)
D/StrictMode(12964):    at android.database.sqlite.SQLiteConnection.applyBlockGuardPolicy(SQLiteConnection.java:1045)
D/StrictMode(12964):    at android.database.sqlite.SQLiteConnection.executeForChangedRowCount(SQLiteConnection.java:733)
D/StrictMode(12964):    at android.database.sqlite.SQLiteSession.executeForChangedRowCount(SQLiteSession.java:754)
D/StrictMode(12964):    at android.database.sqlite.SQLiteStatement.executeUpdateDelete(SQLiteStatement.java:64)
D/StrictMode(12964):    at android.database.sqlite.SQLiteDatabase.delete(SQLiteDatabase.java:1499)
D/StrictMode(12964):    at com.android.server.accounts.AccountManagerService.invalidateAuthTokenLocked(AccountManagerService.java:1311)
D/StrictMode(12964):    at com.android.server.accounts.AccountManagerService.invalidateAuthToken(AccountManagerService.java:1279)
D/StrictMode(12964):    at android.accounts.IAccountManager$Stub.onTransact(IAccountManager.java:272)
D/StrictMode(12964):    at com.android.server.accounts.AccountManagerService.onTransact(AccountManagerService.java:295)
D/StrictMode(12964):    at android.os.Binder.execTransact(Binder.java:446)
D/StrictMode(12964): # via Binder call with stack:
D/StrictMode(12964): android.os.StrictMode$LogStackTrace
D/StrictMode(12964):    at android.os.StrictMode.readAndHandleBinderCallViolations(StrictMode.java:1717)
D/StrictMode(12964):    at android.os.Parcel.readExceptionCode(Parcel.java:1527)
D/StrictMode(12964):    at android.os.Parcel.readException(Parcel.java:1496)
D/StrictMode(12964):    at android.accounts.IAccountManager$Stub$Proxy.invalidateAuthToken(IAccountManager.java:970)
D/StrictMode(12964):    at android.accounts.AccountManager.invalidateAuthToken(AccountManager.java:910)
D/StrictMode(12964):    at org.chromium.sync.signin.SystemAccountManagerDelegate.invalidateAuthToken(SystemAccountManagerDelegate.java:57)
D/StrictMode(12964):    at org.chromium.sync.signin.AccountManagerHelper.invalidateAuthToken(AccountManagerHelper.java:386)
D/StrictMode(12964):    at org.chromium.chrome.browser.signin.OAuth2TokenService.invalidateOAuth2AuthToken(OAuth2TokenService.java:226)
D/StrictMode(12964):    at org.chromium.base.SystemMessageHandler.nativeDoRunLoopOnce(Native Method)
D/StrictMode(12964):    at org.chromium.base.SystemMessageHandler.handleMessage(SystemMessageHandler.java:53)
D/StrictMode(12964):    at android.os.Handler.dispatchMessage(Handler.java:102)
D/StrictMode(12964):    at android.os.Looper.loop(Looper.java:135)
D/StrictMode(12964):    at android.app.ActivityThread.main(ActivityThread.java:5293)
D/StrictMode(12964):    at java.lang.reflect.Method.invoke(Native Method)
D/StrictMode(12964):    at java.lang.reflect.Method.invoke(Method.java:372)
D/StrictMode(12964):    at com.android.internal.os.ZygoteInit$MethodAndArgsCaller.run(ZygoteInit.java:904)
D/StrictMode(12964):    at com.android.internal.os.ZygoteInit.main(ZygoteInit.java:699)
D/StrictMode(12964): StrictMode policy violation; ~duration=73 ms: android.os.StrictMode$StrictModeDiskReadViolation: policy=2847 violation=2
D/StrictMode(12964):    at android.os.StrictMode$AndroidBlockGuardPolicy.onReadFromDisk(StrictMode.java:1137)
D/StrictMode(12964):    at android.database.sqlite.SQLiteConnection.applyBlockGuardPolicy(SQLiteConnection.java:1043)
D/StrictMode(12964):    at android.database.sqlite.SQLiteConnection.execute(SQLiteConnection.java:554)
D/StrictMode(12964):    at android.database.sqlite.SQLiteSession.endTransactionUnchecked(SQLiteSession.java:437)
D/StrictMode(12964):    at android.database.sqlite.SQLiteSession.endTransaction(SQLiteSession.java:401)
D/StrictMode(12964):    at android.database.sqlite.SQLiteDatabase.endTransaction(SQLiteDatabase.java:522)
D/StrictMode(12964):    at com.android.server.accounts.AccountManagerService.invalidateAuthToken(AccountManagerService.java:1282)
D/StrictMode(12964):    at android.accounts.IAccountManager$Stub.onTransact(IAccountManager.java:272)
D/StrictMode(12964):    at com.android.server.accounts.AccountManagerService.onTransact(AccountManagerService.java:295)
D/StrictMode(12964):    at android.os.Binder.execTransact(Binder.java:446)
D/StrictMode(12964): # via Binder call with stack:
D/StrictMode(12964): android.os.StrictMode$LogStackTrace
D/StrictMode(12964):    at android.os.StrictMode.readAndHandleBinderCallViolations(StrictMode.java:1717)
D/StrictMode(12964):    at android.os.Parcel.readExceptionCode(Parcel.java:1527)
D/StrictMode(12964):    at android.os.Parcel.readException(Parcel.java:1496)
D/StrictMode(12964):    at android.accounts.IAccountManager$Stub$Proxy.invalidateAuthToken(IAccountManager.java:970)
D/StrictMode(12964):    at android.accounts.AccountManager.invalidateAuthToken(AccountManager.java:910)
D/StrictMode(12964):    at org.chromium.sync.signin.SystemAccountManagerDelegate.invalidateAuthToken(SystemAccountManagerDelegate.java:57)
D/StrictMode(12964):    at org.chromium.sync.signin.AccountManagerHelper.invalidateAuthToken(AccountManagerHelper.java:386)
D/StrictMode(12964):    at org.chromium.chrome.browser.signin.OAuth2TokenService.invalidateOAuth2AuthToken(OAuth2TokenService.java:226)
D/StrictMode(12964):    at org.chromium.base.SystemMessageHandler.nativeDoRunLoopOnce(Native Method)
D/StrictMode(12964):    at org.chromium.base.SystemMessageHandler.handleMessage(SystemMessageHandler.java:53)
D/StrictMode(12964):    at android.os.Handler.dispatchMessage(Handler.java:102)
D/StrictMode(12964):    at android.os.Looper.loop(Looper.java:135)
D/StrictMode(12964):    at android.app.ActivityThread.main(ActivityThread.java:5293)
D/StrictMode(12964):    at java.lang.reflect.Method.invoke(Native Method)
D/StrictMode(12964):    at java.lang.reflect.Method.invoke(Method.java:372)
D/StrictMode(12964):    at com.android.internal.os.ZygoteInit$MethodAndArgsCaller.run(ZygoteInit.java:904)
D/StrictMode(12964):    at com.android.internal.os.ZygoteInit.main(ZygoteInit.java:699)